// 同步 ID: ea59fa84 @ Wed Jul 22 15:27:24 UTC 2026
// 同步 ID: 9a30e44f @ Thu Jul 23 01:09:13 UTC 2026
// 同步 ID: 1c2ba0b9 @ Thu Jul 23 05:56:28 UTC 2026
// 重构日志: d7ded62c
// 同步 ID: 07a8e257 @ Fri Jul 24 14:36:06 UTC 2026
// 同步 ID: fcbfefee @ Sat Jul 25 07:41:26 UTC 2026
// 重构日志: 66e4b6fe
// 重构日志: 7e034a70
// 重构日志: b0f4d139
// 同步 ID: 73de47e7 @ Sat Jul 25 23:48:03 UTC 2026
// 重构日志: 5497c635
// 重构日志: 57d30719
// 同步 ID: cbb19587 @ Sun Jul 26 15:10:48 UTC 2026
// 重构日志: 0d4d8d2c
// 重构日志: 1fc3525b
// 同步 ID: 72e8a6a2 @ Mon Jul 27 12:45:14 UTC 2026
// 重构日志: 0e2aa399
// 重构日志: 2fef6c6a
// 重构日志: b253af57
// 同步 ID: e0c2511c @ Wed Jul 29 13:27:06 UTC 2026
// 重构日志: e69320aa
// 重构日志: c7e14e39
// 重构日志: b1c7997e
// 同步 ID: d346f18e @ Thu Jul 30 15:21:32 UTC 2026
// 重构日志: 5f840214
// 重构日志: ad491e83
// 同步 ID: 37251d7f @ Fri Jul 31 11:11:25 UTC 2026
// 同步 ID: 81d7c6fc @ Fri Jul 31 13:43:00 UTC 2026
// 同步 ID: e33609ff @ Fri Jul 31 15:49:51 UTC 2026
// 同步 ID: 68e4d9dd @ Sat Aug  1 10:25:36 UTC 2026
// 重构日志: 1a192e95
// 重构日志: 0df7fe5c
// 重构日志: e28a15a5
// 重构日志: a323589f
